File "./GPXDiachronic.v", line 25, characters 15-30:
Warning: "From Coq" has been replaced by "From Stdlib".
[deprecated-from-Coq,deprecated-since-9.0,deprecated,default]
File "./GPXDiachronic.v", line 26, characters 15-29:
Warning: "From Coq" has been replaced by "From Stdlib".
[deprecated-from-Coq,deprecated-since-9.0,deprecated,default]
File "./GPXDiachronic.v", line 27, characters 15-28:
Warning: "From Coq" has been replaced by "From Stdlib".
[deprecated-from-Coq,deprecated-since-9.0,deprecated,default]
File "./GPXDiachronic.v", line 28, characters 15-18:
Warning: Loading Stdlib without prefix is deprecated.
Use "From Stdlib Require Lia" or the deprecated "From Coq Require Lia"
for compatibility with older Coq versions.
[deprecated-missing-stdlib,deprecated-since-9.0,deprecated,default]
Closed under the global context
Closed under the global context
Closed under the global context
Closed under the global context
Closed under the global context
Closed under the global context
Closed under the global context
Closed under the global context
Closed under the global context
Closed under the global context
Closed under the global context
Closed under the global context
Closed under the global context
Closed under the global context
Closed under the global context
Closed under the global context
Closed under the global context
Closed under the global context
