mlkem768.lean:15:22: error(lean.unknownIdentifier): Unknown identifier `mkWord32`
mlkem768.lean:22:22: error(lean.unknownIdentifier): Unknown identifier `mkWord32`
mlkem768.lean:33:37: error(lean.unknownIdentifier): Unknown identifier `w32lt`
mlkem768.lean:38:2: error(lean.unknownIdentifier): Unknown identifier `cif`
mlkem768.lean:43:20: error(lean.unknownIdentifier): Unknown identifier `w32add`
mlkem768.lean:48:2: error(lean.unknownIdentifier): Unknown identifier `cif`
mlkem768.lean:54:27: error(lean.unknownIdentifier): Unknown identifier `mkWord32`
mlkem768.lean:68:14: error(lean.unknownIdentifier): Unknown identifier `mul32x32`
mlkem768.lean:69:17: error(lean.unknownIdentifier): Unknown identifier `w64lo`
mlkem768.lean:70:17: error(lean.unknownIdentifier): Unknown identifier `w64hi`
mlkem768.lean:92:2: error(lean.unknownIdentifier): Unknown identifier `CPair`
mlkem768.lean:97:2: error(lean.unknownIdentifier): Unknown identifier `cpair`
mlkem768.lean:99:40: error(lean.unknownIdentifier): Unknown identifier `cfst`
mlkem768.lean:100:40: error(lean.unknownIdentifier): Unknown identifier `cfst`
mlkem768.lean:100:53: error: unexpected token ')'; expected command
mlkem768.lean:101:40: error(lean.unknownIdentifier): Unknown identifier `cfst`
mlkem768.lean:101:60: error: unexpected token ')'; expected command
mlkem768.lean:102:40: error(lean.unknownIdentifier): Unknown identifier `cfst`
mlkem768.lean:102:67: error: unexpected token ')'; expected command
mlkem768.lean:103:40: error(lean.unknownIdentifier): Unknown identifier `cfst`
mlkem768.lean:103:74: error: unexpected token ')'; expected command
mlkem768.lean:104:40: error(lean.unknownIdentifier): Unknown identifier `cfst`
mlkem768.lean:104:81: error: unexpected token ')'; expected command
mlkem768.lean:105:40: error(lean.unknownIdentifier): Unknown identifier `cfst`
mlkem768.lean:105:88: error: unexpected token ')'; expected command
mlkem768.lean:106:40: error(lean.unknownIdentifier): Unknown identifier `cfst`
mlkem768.lean:106:95: error: unexpected token ')'; expected command
mlkem768.lean:107:40: error(lean.unknownIdentifier): Unknown identifier `cfst`
mlkem768.lean:107:102: error: unexpected token ')'; expected command
mlkem768.lean:108:40: error(lean.unknownIdentifier): Unknown identifier `cfst`
mlkem768.lean:108:109: error: unexpected token ')'; expected command
mlkem768.lean:109:41: error(lean.unknownIdentifier): Unknown identifier `cfst`
mlkem768.lean:109:117: error: unexpected token ')'; expected command
mlkem768.lean:110:41: error(lean.unknownIdentifier): Unknown identifier `cfst`
mlkem768.lean:110:124: error: unexpected token ')'; expected command
mlkem768.lean:111:41: error(lean.unknownIdentifier): Unknown identifier `cfst`
mlkem768.lean:111:131: error: unexpected token ')'; expected command
mlkem768.lean:112:41: error(lean.unknownIdentifier): Unknown identifier `cfst`
mlkem768.lean:112:138: error: unexpected token ')'; expected command
mlkem768.lean:113:41: error(lean.unknownIdentifier): Unknown identifier `cfst`
mlkem768.lean:113:145: error: unexpected token ')'; expected command
mlkem768.lean:114:41: error(lean.unknownIdentifier): Unknown identifier `cfst`
mlkem768.lean:114:152: error: unexpected token ')'; expected command
mlkem768.lean:116:37: error(lean.unknownIdentifier): Unknown identifier `w512v0`
mlkem768.lean:117:37: error(lean.unknownIdentifier): Unknown identifier `cfst`
mlkem768.lean:117:61: error: unexpected token ')'; expected command
mlkem768.lean:118:37: error(lean.unknownIdentifier): Unknown identifier `cfst`
mlkem768.lean:118:68: error: unexpected token ')'; expected command
mlkem768.lean:119:37: error(lean.unknownIdentifier): Unknown identifier `cfst`
mlkem768.lean:119:75: error: unexpected token ')'; expected command
mlkem768.lean:120:37: error(lean.unknownIdentifier): Unknown identifier `cfst`
mlkem768.lean:120:82: error: unexpected token ')'; expected command
mlkem768.lean:121:37: error(lean.unknownIdentifier): Unknown identifier `cfst`
mlkem768.lean:121:89: error: unexpected token ')'; expected command
mlkem768.lean:122:37: error(lean.unknownIdentifier): Unknown identifier `cfst`
mlkem768.lean:122:96: error: unexpected token ')'; expected command
mlkem768.lean:123:37: error(lean.unknownIdentifier): Unknown identifier `cfst`
mlkem768.lean:123:103: error: unexpected token ')'; expected command
mlkem768.lean:124:37: error(lean.unknownIdentifier): Unknown identifier `cfst`
mlkem768.lean:124:110: error: unexpected token ')'; expected command
mlkem768.lean:125:37: error(lean.unknownIdentifier): Unknown identifier `cfst`
mlkem768.lean:125:117: error: unexpected token ')'; expected command
mlkem768.lean:126:38: error(lean.unknownIdentifier): Unknown identifier `cfst`
mlkem768.lean:126:125: error: unexpected token ')'; expected command
mlkem768.lean:127:38: error(lean.unknownIdentifier): Unknown identifier `cfst`
mlkem768.lean:127:132: error: unexpected token ')'; expected command
mlkem768.lean:128:38: error(lean.unknownIdentifier): Unknown identifier `cfst`
mlkem768.lean:128:139: error: unexpected token ')'; expected command
mlkem768.lean:129:38: error(lean.unknownIdentifier): Unknown identifier `cfst`
mlkem768.lean:129:146: error: unexpected token ')'; expected command
mlkem768.lean:130:38: error(lean.unknownIdentifier): Unknown identifier `cfst`
mlkem768.lean:130:153: error: unexpected token ')'; expected command
mlkem768.lean:131:38: error(lean.unknownIdentifier): Unknown identifier `cfst`
mlkem768.lean:131:160: error: unexpected token ')'; expected command
mlkem768.lean:132:38: error(lean.unknownIdentifier): Unknown identifier `w512v0`
mlkem768.lean:133:38: error(lean.unknownIdentifier): Unknown identifier `cfst`
mlkem768.lean:133:62: error: unexpected token ')'; expected command
mlkem768.lean:134:38: error(lean.unknownIdentifier): Unknown identifier `cfst`
mlkem768.lean:134:69: error: unexpected token ')'; expected command
mlkem768.lean:135:38: error(lean.unknownIdentifier): Unknown identifier `cfst`
mlkem768.lean:135:76: error: unexpected token ')'; expected command
mlkem768.lean:136:38: error(lean.unknownIdentifier): Unknown identifier `cfst`
mlkem768.lean:136:83: error: unexpected token ')'; expected command
mlkem768.lean:137:38: error(lean.unknownIdentifier): Unknown identifier `cfst`
mlkem768.lean:137:90: error: unexpected token ')'; expected command
mlkem768.lean:138:38: error(lean.unknownIdentifier): Unknown identifier `cfst`
mlkem768.lean:138:97: error: unexpected token ')'; expected command
mlkem768.lean:139:38: error(lean.unknownIdentifier): Unknown identifier `cfst`
mlkem768.lean:139:104: error: unexpected token ')'; expected command
mlkem768.lean:140:38: error(lean.unknownIdentifier): Unknown identifier `cfst`
mlkem768.lean:140:111: error: unexpected token ')'; expected command
mlkem768.lean:141:38: error(lean.unknownIdentifier): Unknown identifier `cfst`
mlkem768.lean:141:118: error: unexpected token ')'; expected command
mlkem768.lean:142:38: error(lean.unknownIdentifier): Unknown identifier `cfst`
mlkem768.lean:142:125: error: unexpected token ')'; expected command
mlkem768.lean:143:38: error(lean.unknownIdentifier): Unknown identifier `cfst`
mlkem768.lean:143:132: error: unexpected token ')'; expected command
mlkem768.lean:144:38: error(lean.unknownIdentifier): Unknown identifier `cfst`
mlkem768.lean:144:139: error: unexpected token ')'; expected command
mlkem768.lean:145:38: error(lean.unknownIdentifier): Unknown identifier `cfst`
mlkem768.lean:145:146: error: maximum number of errors (100; from option `maxErrors`) reached, exiting
