unified_master.lean:17:4: error(lean.unknownIdentifier): Unknown constant `lcAny`
unified_master.lean:18:4: error(lean.unknownIdentifier): Unknown constant `lcAny`
unified_master.lean:19:4: error(lean.unknownIdentifier): Unknown constant `lcAny`
unified_master.lean:20:4: error(lean.unknownIdentifier): Unknown constant `lcAny`
unified_master.lean:21:4: error(lean.unknownIdentifier): Unknown constant `lcAny`
unified_master.lean:22:4: error(lean.unknownIdentifier): Unknown constant `lcAny`
unified_master.lean:24:19: error: Invalid universe polymorphic resulting type: The resulting universe is not `Prop`, but it may be `Prop` for some parameter values:
  Sort u

Hint: A possible solution is to use levels of the form `max 1 _` or `_ + 1` to ensure the universe is of the form `Type _`
unified_master.lean:33:56: error(lean.unknownIdentifier): Unknown constant `PProd.mk`
unified_master.lean:34:56: error(lean.unknownIdentifier): Unknown constant `PProd.mk`
unified_master.lean:44:25: error(lean.unknownIdentifier): Unknown constant `PProd.mk`
unified_master.lean:45:25: error(lean.unknownIdentifier): Unknown constant `PProd.mk`
unified_master.lean:46:25: error(lean.unknownIdentifier): Unknown constant `PProd.mk`
unified_master.lean:47:25: error(lean.unknownIdentifier): Unknown constant `PProd.mk`
unified_master.lean:48:25: error(lean.unknownIdentifier): Unknown constant `PProd.mk`
unified_master.lean:49:25: error(lean.unknownIdentifier): Unknown constant `PProd.mk`
unified_master.lean:50:25: error(lean.unknownIdentifier): Unknown constant `PProd.mk`
unified_master.lean:51:25: error(lean.unknownIdentifier): Unknown constant `PProd.mk`
unified_master.lean:52:25: error(lean.unknownIdentifier): Unknown constant `PProd.mk`
unified_master.lean:53:25: error(lean.unknownIdentifier): Unknown constant `PProd.mk`
unified_master.lean:54:26: error(lean.unknownIdentifier): Unknown constant `PProd.mk`
unified_master.lean:55:26: error(lean.unknownIdentifier): Unknown constant `PProd.mk`
unified_master.lean:56:26: error(lean.unknownIdentifier): Unknown constant `PProd.mk`
unified_master.lean:57:26: error(lean.unknownIdentifier): Unknown constant `PProd.mk`
unified_master.lean:58:26: error(lean.unknownIdentifier): Unknown constant `PProd.mk`
unified_master.lean:59:26: error(lean.unknownIdentifier): Unknown constant `PProd.mk`
unified_master.lean:60:26: error(lean.unknownIdentifier): Unknown constant `PProd.mk`
unified_master.lean:61:26: error(lean.unknownIdentifier): Unknown constant `PProd.mk`
unified_master.lean:62:26: error(lean.unknownIdentifier): Unknown constant `PProd.mk`
unified_master.lean:63:26: error(lean.unknownIdentifier): Unknown constant `PProd.mk`
unified_master.lean:64:26: error(lean.unknownIdentifier): Unknown constant `PProd.mk`
unified_master.lean:65:26: error(lean.unknownIdentifier): Unknown constant `PProd.mk`
unified_master.lean:66:26: error(lean.unknownIdentifier): Unknown constant `PProd.mk`
unified_master.lean:67:26: error(lean.unknownIdentifier): Unknown constant `PProd.mk`
unified_master.lean:68:26: error(lean.unknownIdentifier): Unknown constant `PProd.mk`
unified_master.lean:69:26: error(lean.unknownIdentifier): Unknown constant `PProd.mk`
unified_master.lean:70:26: error(lean.unknownIdentifier): Unknown constant `PProd.mk`
unified_master.lean:71:26: error(lean.unknownIdentifier): Unknown constant `PProd.mk`
unified_master.lean:72:26: error(lean.unknownIdentifier): Unknown constant `PProd.mk`
unified_master.lean:73:26: error(lean.unknownIdentifier): Unknown constant `PProd.mk`
unified_master.lean:74:26: error(lean.unknownIdentifier): Unknown constant `PProd.mk`
unified_master.lean:75:26: error(lean.unknownIdentifier): Unknown constant `PProd.mk`
unified_master.lean:78:3: warning: Local variable 'b0' resembles constructor 'Bit.b0' - write '.b0' (with a dot) or 'Bit.b0' to use the constructor.

Note: This linter can be disabled with `set_option linter.constructorNameAsVariable false`
unified_master.lean:78:6: warning: Local variable 'b1' resembles constructor 'Bit.b1' - write '.b1' (with a dot) or 'Bit.b1' to use the constructor.

Note: This linter can be disabled with `set_option linter.constructorNameAsVariable false`
unified_master.lean:83:21: error(lean.unknownIdentifier): Unknown constant `PProd.mk`
unified_master.lean:84:27: error(lean.unknownIdentifier): Unknown constant `PProd.mk`
unified_master.lean:85:27: error(lean.unknownIdentifier): Unknown constant `PProd.mk`
unified_master.lean:86:27: error(lean.unknownIdentifier): Unknown constant `PProd.mk`
unified_master.lean:89:2: error(lean.unknownIdentifier): Unknown constant `PProd.mk`
unified_master.lean:93:2: error(lean.unknownIdentifier): Unknown constant `PProd.mk`
unified_master.lean:97:2: error(lean.unknownIdentifier): Unknown constant `PProd.mk`
unified_master.lean:101:2: error(lean.unknownIdentifier): Unknown constant `PProd.mk`
unified_master.lean:104:53: error(lean.unknownIdentifier): Unknown identifier `bxor`
unified_master.lean:106:13: error(lean.unknownIdentifier): Unknown identifier `halfAdder`
unified_master.lean:115:2: error(lean.unknownIdentifier): Unknown constant `PProd.mk`
unified_master.lean:214:38: error(lean.unknownIdentifier): Unknown identifier `fst`
unified_master.lean:229:2: error(lean.unknownIdentifier): Unknown constant `PProd.mk`
unified_master.lean:234:2: error(lean.unknownIdentifier): Unknown constant `PProd.mk`
unified_master.lean:238:2: error(lean.unknownIdentifier): Unknown constant `PProd.mk`
unified_master.lean:274:2: error(lean.unknownIdentifier): Unknown constant `PProd.mk`
unified_master.lean:341:41: error(lean.unknownIdentifier): Unknown identifier `w32lt`
unified_master.lean:784:2: error(lean.unknownIdentifier): Unknown constant `PProd.mk`
unified_master.lean:788:2: error(lean.unknownIdentifier): Unknown constant `PProd.mk`
unified_master.lean:792:2: error(lean.unknownIdentifier): Unknown constant `PProd.mk`
unified_master.lean:796:2: error(lean.unknownIdentifier): Unknown constant `PProd.mk`
unified_master.lean:800:2: error(lean.unknownIdentifier): Unknown constant `PProd.mk`
unified_master.lean:804:2: error(lean.unknownIdentifier): Unknown constant `PProd.mk`
unified_master.lean:808:2: error(lean.unknownIdentifier): Unknown constant `PProd.mk`
unified_master.lean:812:2: error(lean.unknownIdentifier): Unknown constant `PProd.mk`
unified_master.lean:816:2: error(lean.unknownIdentifier): Unknown constant `PProd.mk`
unified_master.lean:820:2: error(lean.unknownIdentifier): Unknown constant `PProd.mk`
unified_master.lean:824:2: error(lean.unknownIdentifier): Unknown constant `PProd.mk`
unified_master.lean:828:2: error(lean.unknownIdentifier): Unknown constant `PProd.mk`
unified_master.lean:832:2: error(lean.unknownIdentifier): Unknown constant `PProd.mk`
unified_master.lean:836:2: error(lean.unknownIdentifier): Unknown constant `PProd.mk`
unified_master.lean:839:39: error(lean.unknownIdentifier): Unknown identifier `w32xor`
unified_master.lean:840:39: error(lean.unknownIdentifier): Unknown identifier `w32xor`
unified_master.lean:841:39: error(lean.unknownIdentifier): Unknown identifier `w32xor`
unified_master.lean:842:39: error(lean.unknownIdentifier): Unknown identifier `w32xor`
unified_master.lean:851:26: error(lean.unknownIdentifier): Unknown constant `PProd.mk`
unified_master.lean:852:26: error(lean.unknownIdentifier): Unknown constant `PProd.mk`
unified_master.lean:853:26: error(lean.unknownIdentifier): Unknown constant `PProd.mk`
unified_master.lean:854:26: error(lean.unknownIdentifier): Unknown constant `PProd.mk`
unified_master.lean:855:26: error(lean.unknownIdentifier): Unknown constant `PProd.mk`
unified_master.lean:856:26: error(lean.unknownIdentifier): Unknown constant `PProd.mk`
unified_master.lean:857:26: error(lean.unknownIdentifier): Unknown constant `PProd.mk`
unified_master.lean:858:26: error(lean.unknownIdentifier): Unknown constant `PProd.mk`
unified_master.lean:867:29: error(lean.unknownIdentifier): Unknown constant `PProd.mk`
unified_master.lean:868:29: error(lean.unknownIdentifier): Unknown constant `PProd.mk`
unified_master.lean:869:29: error(lean.unknownIdentifier): Unknown constant `PProd.mk`
unified_master.lean:870:29: error(lean.unknownIdentifier): Unknown constant `PProd.mk`
unified_master.lean:871:29: error(lean.unknownIdentifier): Unknown constant `PProd.mk`
unified_master.lean:872:29: error(lean.unknownIdentifier): Unknown constant `PProd.mk`
unified_master.lean:873:29: error(lean.unknownIdentifier): Unknown constant `PProd.mk`
unified_master.lean:874:29: error(lean.unknownIdentifier): Unknown constant `PProd.mk`
unified_master.lean:875:29: error(lean.unknownIdentifier): Unknown constant `PProd.mk`
unified_master.lean:876:29: error(lean.unknownIdentifier): Unknown constant `PProd.mk`
unified_master.lean:877:30: error(lean.unknownIdentifier): Unknown constant `PProd.mk`
unified_master.lean:878:30: error(lean.unknownIdentifier): Unknown constant `PProd.mk`
unified_master.lean:879:30: error(lean.unknownIdentifier): Unknown constant `PProd.mk`
unified_master.lean:880:30: error(lean.unknownIdentifier): Unknown constant `PProd.mk`
unified_master.lean:881:30: error(lean.unknownIdentifier): Unknown constant `PProd.mk`
unified_master.lean:882:30: error(lean.unknownIdentifier): Unknown constant `PProd.mk`
unified_master.lean:904:31: error: maximum number of errors (100; from option `maxErrors`) reached, exiting
